10:23:52 **** Incremental Build of configuration Debug for project Question3 ****
make -j4 all 
arm-none-eabi-gcc "../Core/Src/main.c" -mcpu=cortex-m4 -std=gnu11 -g3 -DDEBUG -DUSE_HAL_DRIVER -DSTM32F407xx -c -I../Core/Inc -I../Drivers/STM32F4xx_HAL_Driver/Inc -I../Drivers/STM32F4xx_HAL_Driver/Inc/Legacy -I../Drivers/CMSIS/Device/ST/STM32F4xx/Include -I../Drivers/CMSIS/Include -O0 -ffunction-sections -fdata-sections -Wall -fstack-usage -fcyclomatic-complexity -MMD -MP -MF"Core/Src/main.d" -MT"Core/Src/main.o" --specs=nano.specs -mfpu=fpv4-sp-d16 -mfloat-abi=hard -mthumb -o "Core/Src/main.o"
arm-none-eabi-gcc -o "Question3.elf" @"objects.list"   -mcpu=cortex-m4 -T"C:\Users\hp\Desktop\Sunbeam Data\ARM_94152_Vaishnavi\Assignment 8\Question3\STM32F407VGTX_FLASH.ld" --specs=nosys.specs -Wl,-Map="Question3.map" -Wl,--gc-sections -static --specs=nano.specs -mfpu=fpv4-sp-d16 -mfloat-abi=hard -mthumb -Wl,--start-group -lc -lm -Wl,--end-group
Finished building target: Question3.elf
 
arm-none-eabi-size  Question3.elf 
arm-none-eabi-objdump -h -S Question3.elf  > "Question3.list"
   text	   data	    bss	    dec	    hex	filename
   9332	     12	   1748	  11092	   2b54	Question3.elf
Finished building: default.size.stdout
 
Finished building: Question3.list
 
10:23:58 **** Incremental Build of configuration Debug for project Question3 ****
make -j4 all 
arm-none-eabi-size  Question3.elf 
   text	   data	    bss	    dec	    hex	filename
   9332	     12	   1748	  11092	   2b54	Question3.elf
Finished building: default.size.stdout
 
10:24:24 **** Incremental Build of configuration Debug for project Question3 ****
make -j4 all 
arm-none-eabi-size  Question3.elf 
   text	   data	    bss	    dec	    hex	filename
   9332	     12	   1748	  11092	   2b54	Question3.elf
Finished building: default.size.stdout
 
