12:36:51 **** Incremental Build of configuration Debug for project Question_4 ****
make -j4 all 
arm-none-eabi-size  Question_4.elf 
   text	   data	    bss	    dec	    hex	filename
   9832	     12	   1660	  11504	   2cf0	Question_4.elf
Finished building: default.size.stdout
 
12:37:48 **** Incremental Build of configuration Debug for project Question_4 ****
make -j4 all 
arm-none-eabi-size  Question_4.elf 
   text	   data	    bss	    dec	    hex	filename
   9832	     12	   1660	  11504	   2cf0	Question_4.elf
Finished building: default.size.stdout
 
12:38:07 **** Incremental Build of configuration Debug for project Question_4 ****
make -j4 all 
arm-none-eabi-size  Question_4.elf 
   text	   data	    bss	    dec	    hex	filename
   9832	     12	   1660	  11504	   2cf0	Question_4.elf
Finished building: default.size.stdout
 
