10:49:03 **** Incremental Build of configuration Debug for project Question2.c ****
make -j4 all 
arm-none-eabi-gcc -mcpu=cortex-m4 -g3 -DDEBUG -c -x assembler-with-cpp -MMD -MP -MF"Startup/startup_stm32f407vgtx.d" -MT"Startup/startup_stm32f407vgtx.o" --specs=nano.specs -mfpu=fpv4-sp-d16 -mfloat-abi=soft -mthumb -o "Startup/startup_stm32f407vgtx.o" "../Startup/startup_stm32f407vgtx.s"
arm-none-eabi-gcc "../Src/itm.c" -mcpu=cortex-m4 -std=gnu11 -g3 -DDEBUG -DSTM32 -DSTM32F407G_DISC1 -DSTM32F4 -DSTM32F407VGTx -c -I../Inc -O0 -ffunction-sections -fdata-sections -Wall -fstack-usage -fcyclomatic-complexity -MMD -MP -MF"Src/itm.d" -MT"Src/itm.o" --specs=nano.specs -mfpu=fpv4-sp-d16 -mfloat-abi=soft -mthumb -o "Src/itm.o"
arm-none-eabi-gcc "../Src/main.c" -mcpu=cortex-m4 -std=gnu11 -g3 -DDEBUG -DSTM32 -DSTM32F407G_DISC1 -DSTM32F4 -DSTM32F407VGTx -c -I../Inc -O0 -ffunction-sections -fdata-sections -Wall -fstack-usage -fcyclomatic-complexity -MMD -MP -MF"Src/main.d" -MT"Src/main.o" --specs=nano.specs -mfpu=fpv4-sp-d16 -mfloat-abi=soft -mthumb -o "Src/main.o"
arm-none-eabi-gcc "../Src/my_led.c" -mcpu=cortex-m4 -std=gnu11 -g3 -DDEBUG -DSTM32 -DSTM32F407G_DISC1 -DSTM32F4 -DSTM32F407VGTx -c -I../Inc -O0 -ffunction-sections -fdata-sections -Wall -fstack-usage -fcyclomatic-complexity -MMD -MP -MF"Src/my_led.d" -MT"Src/my_led.o" --specs=nano.specs -mfpu=fpv4-sp-d16 -mfloat-abi=soft -mthumb -o "Src/my_led.o"
arm-none-eabi-gcc "../Src/my_switch.c" -mcpu=cortex-m4 -std=gnu11 -g3 -DDEBUG -DSTM32 -DSTM32F407G_DISC1 -DSTM32F4 -DSTM32F407VGTx -c -I../Inc -O0 -ffunction-sections -fdata-sections -Wall -fstack-usage -fcyclomatic-complexity -MMD -MP -MF"Src/my_switch.d" -MT"Src/my_switch.o" --specs=nano.specs -mfpu=fpv4-sp-d16 -mfloat-abi=soft -mthumb -o "Src/my_switch.o"
arm-none-eabi-gcc "../Src/syscalls.c" -mcpu=cortex-m4 -std=gnu11 -g3 -DDEBUG -DSTM32 -DSTM32F407G_DISC1 -DSTM32F4 -DSTM32F407VGTx -c -I../Inc -O0 -ffunction-sections -fdata-sections -Wall -fstack-usage -fcyclomatic-complexity -MMD -MP -MF"Src/syscalls.d" -MT"Src/syscalls.o" --specs=nano.specs -mfpu=fpv4-sp-d16 -mfloat-abi=soft -mthumb -o "Src/syscalls.o"
arm-none-eabi-gcc "../Src/sysmem.c" -mcpu=cortex-m4 -std=gnu11 -g3 -DDEBUG -DSTM32 -DSTM32F407G_DISC1 -DSTM32F4 -DSTM32F407VGTx -c -I../Inc -O0 -ffunction-sections -fdata-sections -Wall -fstack-usage -fcyclomatic-complexity -MMD -MP -MF"Src/sysmem.d" -MT"Src/sysmem.o" --specs=nano.specs -mfpu=fpv4-sp-d16 -mfloat-abi=soft -mthumb -o "Src/sysmem.o"
arm-none-eabi-gcc "../Src/system_stm32f4xx.c" -mcpu=cortex-m4 -std=gnu11 -g3 -DDEBUG -DSTM32 -DSTM32F407G_DISC1 -DSTM32F4 -DSTM32F407VGTx -c -I../Inc -O0 -ffunction-sections -fdata-sections -Wall -fstack-usage -fcyclomatic-complexity -MMD -MP -MF"Src/system_stm32f4xx.d" -MT"Src/system_stm32f4xx.o" --specs=nano.specs -mfpu=fpv4-sp-d16 -mfloat-abi=soft -mthumb -o "Src/system_stm32f4xx.o"
arm-none-eabi-gcc -o "Question2.c.elf" @"objects.list"   -mcpu=cortex-m4 -T"C:\Users\hp\Desktop\Sunbeam Data\ARM_94152_Vaishnavi\Assignment 4\Question2.c\STM32F407VGTX_FLASH.ld" --specs=nosys.specs -Wl,-Map="Question2.c.map" -Wl,--gc-sections -static --specs=nano.specs -mfpu=fpv4-sp-d16 -mfloat-abi=soft -mthumb -Wl,--start-group -lc -lm -Wl,--end-group
Finished building target: Question2.c.elf
 
arm-none-eabi-size  Question2.c.elf 
arm-none-eabi-objdump -h -S Question2.c.elf  > "Question2.c.list"
   text	   data	    bss	    dec	    hex	filename
   1100	      0	   1568	   2668	    a6c	Question2.c.elf
Finished building: default.size.stdout
 
Finished building: Question2.c.list
 
10:50:34 **** Incremental Build of configuration Debug for project Question2.c ****
make -j4 all 
arm-none-eabi-size  Question2.c.elf 
   text	   data	    bss	    dec	    hex	filename
   1100	      0	   1568	   2668	    a6c	Question2.c.elf
Finished building: default.size.stdout
 
10:51:59 **** Incremental Build of configuration Debug for project Question2.c ****
make -j4 all 
arm-none-eabi-size  Question2.c.elf 
   text	   data	    bss	    dec	    hex	filename
   1100	      0	   1568	   2668	    a6c	Question2.c.elf
Finished building: default.size.stdout
 
10:52:17 **** Incremental Build of configuration Debug for project Question2.c ****
make -j4 all 
arm-none-eabi-size  Question2.c.elf 
   text	   data	    bss	    dec	    hex	filename
   1100	      0	   1568	   2668	    a6c	Question2.c.elf
Finished building: default.size.stdout
 
10:52:40 **** Incremental Build of configuration Debug for project Question2.c ****
make -j4 all 
arm-none-eabi-size  Question2.c.elf 
   text	   data	    bss	    dec	    hex	filename
   1100	      0	   1568	   2668	    a6c	Question2.c.elf
Finished building: default.size.stdout
 
