15:46:34 **** Incremental Build of configuration Debug for project Mq2_LCD_Led1 ****
make -j4 all 
arm-none-eabi-gcc "../Core/Src/main.c" -mcpu=cortex-m4 -std=gnu11 -g3 -DDEBUG -DUSE_HAL_DRIVER -DSTM32F407xx -c -I../Core/Inc -I../Drivers/STM32F4xx_HAL_Driver/Inc -I../Drivers/STM32F4xx_HAL_Driver/Inc/Legacy -I../Drivers/CMSIS/Device/ST/STM32F4xx/Include -I../Drivers/CMSIS/Include -O0 -ffunction-sections -fdata-sections -Wall -fstack-usage -fcyclomatic-complexity -MMD -MP -MF"Core/Src/main.d" -MT"Core/Src/main.o" --specs=nano.specs -mfpu=fpv4-sp-d16 -mfloat-abi=hard -mthumb -o "Core/Src/main.o"
arm-none-eabi-gcc -o "Mq2_LCD_Led1.elf" @"objects.list"   -mcpu=cortex-m4 -T"C:\Users\hp\Desktop\Smart_ENV_Monitor\Mq2_LCD_Led1\STM32F407VGTX_FLASH.ld" --specs=nosys.specs -Wl,-Map="Mq2_LCD_Led1.map" -Wl,--gc-sections -static --specs=nano.specs -mfpu=fpv4-sp-d16 -mfloat-abi=hard -mthumb -Wl,--start-group -lc -lm -Wl,--end-group
Finished building target: Mq2_LCD_Led1.elf
 
arm-none-eabi-size  Mq2_LCD_Led1.elf 
arm-none-eabi-objdump -h -S Mq2_LCD_Led1.elf  > "Mq2_LCD_Led1.list"
   text	   data	    bss	    dec	    hex	filename
  15212	     92	   2092	  17396	   43f4	Mq2_LCD_Led1.elf
Finished building: default.size.stdout
 
Finished building: Mq2_LCD_Led1.list
 

15:46:36 Build Finished. 0 errors, 0 warnings. (took 2s.158ms)

